// Jest Snapshot v1, https://goo.gl/fbAQLP

exports[`GIVEN Home component THEN should render 1`] = `
<DocumentFragment>
  <main
    class="main"
  />
</DocumentFragment>
`;
