// Jest Snapshot v1, https://goo.gl/fbAQLP

exports[`GIVEN Todo component THEN should render 1`] = `
<DocumentFragment>
  <div
    class="container"
  >
    <p
      class="paragraph"
    />
  </div>
</DocumentFragment>
`;
