// Jest Snapshot v1, https://goo.gl/fbAQLP

exports[`GIVEN Todos component THEN should render 1`] = `
<DocumentFragment>
  <article />
</DocumentFragment>
`;
